
root@LiMe-103ced:~# limed &
root@LiMe-103ced:~# wifi
root@LiMe-103ced:~# [  424.628411] mt7915e 0000:01:00.0 wlan1-apup: left allmulticast mode
[  424.634917] mt7915e 0000:01:00.0 wlan1-apup: left promiscuous mode
[  424.641361] br-lan: port 6(wlan1-apup) entered disabled state
[  425.171383] mt7915e 0000:01:00.0 wlan0-apup: left allmulticast mode
[  425.177897] mt7915e 0000:01:00.0 wlan0-apup: left promiscuous mode
[  425.184454] br-lan: port 5(wlan0-apup) entered disabled state
[  427.309193] br-lan: port 5(wlan0-apup) entered blocking state
[  427.315085] br-lan: port 5(wlan0-apup) entered disabled state
[  427.320970] mt7915e 0000:01:00.0 wlan0-apup: entered allmulticast mode
[  427.328222] mt7915e 0000:01:00.0 wlan0-apup: entered promiscuous mode
[  427.338980] mt7915e 0000:01:00.0 wlan0-apup: left allmulticast mode
[  427.345420] mt7915e 0000:01:00.0 wlan0-apup: left promiscuous mode
[  427.351938] br-lan: port 5(wlan0-apup) entered disabled state
[  427.511500] br-lan: port 5(wlan0-apup) entered blocking state
[  427.517496] br-lan: port 5(wlan0-apup) entered disabled state
[  427.523372] mt7915e 0000:01:00.0 wlan0-apup: entered allmulticast mode
[  427.530769] mt7915e 0000:01:00.0 wlan0-apup: entered promiscuous mode
[  427.537844] br-lan: port 5(wlan0-apup) entered blocking state
[  427.543659] br-lan: port 5(wlan0-apup) entered forwarding state
[  427.551938] br-lan: port 5(wlan0-apup) entered disabled state
[  427.654548] br-lan: port 5(wlan0-apup) entered blocking state
[  427.660353] br-lan: port 5(wlan0-apup) entered forwarding state
Subscribing:    hostapd.wlan0-apup
[  427.735552] br-lan: port 6(wlan1-apup) entered blocking state
[  427.741362] br-lan: port 6(wlan1-apup) entered disabled state
[  427.747469] mt7915e 0000:01:00.0 wlan1-apup: entered allmulticast mode
[  427.754749] mt7915e 0000:01:00.0 wlan1-apup: entered promiscuous mode
[  427.766735] mt7915e 0000:01:00.0 wlan1-apup: left allmulticast mode
[  427.773082] mt7915e 0000:01:00.0 wlan1-apup: left promiscuous mode
[  427.779856] br-lan: port 6(wlan1-apup) entered disabled state
[  427.851920] br-lan: port 6(wlan1-apup) entered blocking state
[  427.857812] br-lan: port 6(wlan1-apup) entered disabled state
[  427.863627] mt7915e 0000:01:00.0 wlan1-apup: entered allmulticast mode
[  427.870828] mt7915e 0000:01:00.0 wlan1-apup: entered promiscuous mode
[  427.878064] br-lan: port 6(wlan1-apup) entered blocking state
[  427.884056] br-lan: port 6(wlan1-apup) entered forwarding state
Subscribing:    hostapd.wlan1-apup
peerSubscriber: apup-newpeer    wlan1-peer1
network add_dynamic
                proto    =      static
                name     =      lm_net_lm_net_wlan1_peer1_static
                netmask  =      255.255.255.255
                ipaddr   =      10.13.60.237
                ifname   =      wlan1-peer1
                auto     =      1
lime.network.runProtocols(wlan1-peer1, ...)
lime.proto.batadv.runOnDevice(wlan1-peer1, ...)
lime.network.createVlan(wlan1-peer1, ...)
                vid      =      29
                type     =      8021ad
                name     =      wlan1-peer1_29
                ifname   =      wlan1-peer1
network add_dynamic
                proto    =      static
                name     =      lm_net_lm_net_wlan1_peer1_29_static
                netmask  =      255.255.255.255
                ipaddr   =      10.13.60.237
                ifname   =      wlan1-peer1_29
                auto     =      1
[  428.437007] batman_adv: bat0: Adding interface: wlan1-peer1_29
[  428.442910] batman_adv: bat0: The MTU of interface wlan1-peer1_29 is too small (1500) to handle the transport of batman-adv packets. Packets going over this interface will be fragmented on layer2 which could impact the performance. Setting the MTU to 1532 would solve the problem.
[  428.467836] batman_adv: bat0: Interface activated: wlan1-peer1_29
lime.proto.babeld.runOnDevice(wlan1-peer1, ...)
lime.network.createVlan(wlan1-peer1, ...)
                vid      =      17
                type     =      8021ad
                name     =      wlan1-peer1_17
                ifname   =      wlan1-peer1
[  428.505318] batman_adv: The newly added mac address (c4:4b:d1:c1:00:59) already exists on: wlan1-peer1_29
[  428.515053] batman_adv: It is strongly recommended to keep mac addresses unique to avoid problems!
network add_dynamic
                proto    =      static
                name     =      lm_net_lm_net_wlan1_peer1_17_static
                netmask  =      255.255.255.255
                ipaddr   =      10.13.60.237
                ifname   =      wlan1-peer1_17
                auto     =      1

root@LiMe-103ced:~#
root@LiMe-103ced:~#
root@LiMe-103ced:~# batctl if
lan1_29: active
wlan1-peer1_29: active
root@LiMe-103ced:~#

root@LiMe-103ced:~# brctl show
bridge name	bridge id		STP enabled	interfaces
br-lan		7fff.6e4a6ecb577e	no		bat0
							lan2
							wlan1-apup
							wlan0-apup
							lan3
							lan1
root@LiMe-103ced:~# brctl delif br-lan wlan1-apup
brctl: invalid argument 'deklif' to 'brctl'
root@LiMe-103ced:~# brctl delif br-lan wlan1-apup
root@LiMe-103ced:~# brctl delif br-lan wlan0-apup
root@LiMe-103ced:~# brctl show
bridge name	bridge id		STP enabled	interfaces
br-lan		7fff.6e4a6ecb577e	no		bat0
							lan2
							lan3
							lan1
root@LiMe-103ced:~# brctl show
bridge name	bridge id		STP enabled	interfaces
br-lan		7fff.6e4a6ecb577e	no		bat0
							lan2
							lan3
							lan1
root@LiMe-103ced:~# batctl if
lan1_29: active
wlan1-peer1_29: active
root@LiMe-103ced:~# 



root@LiMe-10194f:~# netperf -D1 -H LiMe-103ced -cC
MIGRATED TCP STREAM TEST from 0.0.0.0 (0.0) port 0 AF_INET to LiMe-103ced.thisnode.info (10.) port 0 AF_INET : demo
Interim result:   89.32 10^6bits/s over 1.032 seconds ending at 1725834631.000
Interim result:   96.87 10^6bits/s over 1.031 seconds ending at 1725834632.000
Interim result:   97.66 10^6bits/s over 1.001 seconds ending at 1725834633.000
Interim result:   92.17 10^6bits/s over 1.061 seconds ending at 1725834635.000
Interim result:   98.76 10^6bits/s over 1.027 seconds ending at 1725834636.000
Interim result:   95.57 10^6bits/s over 1.046 seconds ending at 1725834637.000
Interim result:   97.74 10^6bits/s over 1.049 seconds ending at 1725834638.000
Interim result:   97.03 10^6bits/s over 1.008 seconds ending at 1725834639.000
Interim result:   91.92 10^6bits/s over 1.055 seconds ending at 1725834640.000
Interim result:   96.01 10^6bits/s over 0.691 seconds ending at 1725834640.000
Recv   Send    Send                          Utilization       Service Demand
Socket Socket  Message  Elapsed              Send     Recv     Send    Recv
Size   Size    Size     Time     Throughput  local    remote   local   remote
bytes  bytes   bytes    secs.    10^6bits/s  % S      % S      us/KB   us/KB

131072  16384  16384    10.14        93.97   35.97    70.94    125.433  247.404 
root@LiMe-10194f:~# netperf -D1 -H fe80::c64b:d1ff:fec1:59%wlan1-peer2 -Cc
MIGRATED TCP STREAM TEST from ::0 (::) port 0 AF_INET6 to fe80::c64b:d1ff:fec1:59%wlan1-peer2 () port 0 AF_INET6 : demo
Interim result:  147.28 10^6bits/s over 1.023 seconds ending at 1725834658.000
Interim result:  151.81 10^6bits/s over 1.018 seconds ending at 1725834659.000
Interim result:  146.58 10^6bits/s over 1.036 seconds ending at 1725834660.000
Interim result:  142.27 10^6bits/s over 1.030 seconds ending at 1725834661.000
Interim result:  141.50 10^6bits/s over 1.006 seconds ending at 1725834662.000
Interim result:  138.51 10^6bits/s over 1.021 seconds ending at 1725834663.000
Interim result:  141.97 10^6bits/s over 1.018 seconds ending at 1725834664.000
Interim result:  146.50 10^6bits/s over 1.025 seconds ending at 1725834665.000
Interim result:  148.18 10^6bits/s over 1.018 seconds ending at 1725834666.000
Interim result:  149.28 10^6bits/s over 0.805 seconds ending at 1725834667.000
Recv   Send    Send                          Utilization       Service Demand
Socket Socket  Message  Elapsed              Send     Recv     Send    Recv
Size   Size    Size     Time     Throughput  local    remote   local   remote
bytes  bytes   bytes    secs.    10^6bits/s  % S      % S      us/KB   us/KB

131072  16384  16384    10.08       144.22   28.39    37.46    64.498  85.119 
root@LiMe-10194f:~# 




